#**************************************************************************
# Blender Model List
# 2012-06-08
# Xotic750
# This release may be used under the terms of the license: GPLv2
# http://www.gnu.org/licenses/gpl-2.0.html
#**************************************************************************

# Temperate Trains
kirby_paul
chaney
ginzua4
ginzua4_tender
sh8p
sh8p_tender
dmu
dash
dmu_loading
dash_loading
sh25
floss47
sh125
sh30
sh40
uu37
asia_star
tim
common_tender
# Arctic & Tropical Tains
willis
# Temperate Wagons
passenger
passenger_asia_star
passenger_tim
passenger_dash
passenger_dmu
mono_passenger
passenger_brake
passenger_loading
passenger_asia_star_loading
passenger_tim_loading
passenger_dash_loading
passenger_dmu_loading
mono_passenger_loading
passenger_brake_loading
mail
mail_asia_star
mail_tim
mail_dash
mail_dmu
mono_mail
mail_loading
mail_asia_star_loading
mail_tim_loading
mail_dash_loading
mail_dmu_loading
mono_mail_loading
armoured
armoured_asia_star
armoured_tim
armoured_dash
armoured_dmu
mono_armoured
armoured_loading
armoured_asia_star_loading
armoured_tim_loading
armoured_dash_loading
armoured_dmu_loading
mono_armoured_loading
goods
refrigerated
livestock
mono_goods
mono_refrigerated
mono_livestock
goods_loading
refrigerated_loading
livestock_loading
mono_goods_loading
mono_refrigerated_loading
mono_livestock_loading
# Temperate Wagons: Multi-load
tank
tank_water
tank_milk
tank_oil
tank_petrol
tank_refinery
tank_cola_empty
tank_cola
tank_fizzy_drink_empty
tank_fizzy_drink
mono_tank
mono_tank_water
mono_tank_milk
mono_tank_oil
mono_tank_petrol
mono_tank_refinery
mono_tank_cola_empty
mono_tank_cola
mono_tank_fizzy_drink_empty
mono_tank_fizzy_drink
flatbed
flatbed_nocc
flatbed_container
flatbed_sides
flatbed_oil_stage1
flatbed_oil_stage2
flatbed_oil_full
flatbed_refinery_stage1
flatbed_refinery_stage2
flatbed_refinery_full
flatbed_retainers
flatbed_wood_stage1
flatbed_wood_stage2
flatbed_wood_full
flatbed_paper_stage1
flatbed_paper_stage2
flatbed_paper_full
flatbed_steel_stage1
flatbed_steel_stage2
flatbed_steel_full
flatbed_steel2_stage1
flatbed_steel2_stage2
flatbed_steel2_full
flatbed_copper1_stage1
flatbed_copper1_stage2
flatbed_copper1_full
flatbed_copper2_stage1
flatbed_copper2_stage2
flatbed_copper2_full
flatbed_timber_stage1
flatbed_timber_stage2
flatbed_timber_full
flatbed_vehicles_full
flatbed_vehicles_stage1
flatbed_vehicles2_full
flatbed_vehicles2_stage1
flatbed_vehicles3_full
flatbed_bubbles_full
flatbed_bubbles_stage1
flatbed_bubbles_stage2
flatbed_fizzy_drink_full
flatbed_fizzy_drink_stage1
flatbed_fizzy_drink_stage2
flatbed_batteries_full
flatbed_batteries_stage1
flatbed_batteries_stage2
mono_flatbed
mono_flatbed_nocc
mono_flatbed_container
mono_flatbed_sides
mono_flatbed_oil_stage1
mono_flatbed_oil_stage2
mono_flatbed_oil_full
mono_flatbed_refinery_stage1
mono_flatbed_refinery_stage2
mono_flatbed_refinery_full
mono_flatbed_retainers
mono_flatbed_wood_stage1
mono_flatbed_wood_stage2
mono_flatbed_wood_full
mono_flatbed_paper_stage1
mono_flatbed_paper_stage2
mono_flatbed_paper_full
mono_flatbed_steel_stage1
mono_flatbed_steel_stage2
mono_flatbed_steel_full
mono_flatbed_steel2_stage1
mono_flatbed_steel2_stage2
mono_flatbed_steel2_full
mono_flatbed_copper1_stage1
mono_flatbed_copper1_stage2
mono_flatbed_copper1_full
mono_flatbed_copper2_stage1
mono_flatbed_copper2_stage2
mono_flatbed_copper2_full
mono_flatbed_timber_stage1
mono_flatbed_timber_stage2
mono_flatbed_timber_full
mono_flatbed_vehicles_full
mono_flatbed_vehicles_stage1
mono_flatbed_vehicles2_full
mono_flatbed_vehicles2_stage1
mono_flatbed_vehicles3_full
mono_flatbed_bubbles_full
mono_flatbed_bubbles_stage1
mono_flatbed_bubbles_stage2
mono_flatbed_fizzy_drink_full
mono_flatbed_fizzy_drink_stage1
mono_flatbed_fizzy_drink_stage2
mono_flatbed_batteries_full
mono_flatbed_batteries_stage1
mono_flatbed_batteries_stage2
bulk
bulk_coal
bulk_iron_ore
bulk_grain
bulk_bauxite
bulk_clay
bulk_copper_ore
bulk_sand
bulk_woodproducts
bulk_gravel
bulk_scrap_metal
bulk_fruit_veg
bulk_sugar_beet
bulk_early
bulk_coal_early
bulk_iron_ore_early
bulk_grain_early
bulk_bauxite_early
bulk_clay_early
bulk_copper_ore_early
bulk_sand_early
bulk_woodproducts_early
bulk_gravel_early
bulk_scrap_metal_early
bulk_fruit_veg_early
bulk_sugar_beet_early
bulk_rubber
bulk_rubber_early
bulk_fiber
bulk_fiber_early
bulk_limestone
bulk_limestone_early
bulk_sugar
bulk_candy_floss
bulk_toffee
mono_bulk
mono_bulk_coal
mono_bulk_iron_ore
mono_bulk_grain
mono_bulk_bauxite
mono_bulk_clay
mono_bulk_copper_ore
mono_bulk_sand
mono_bulk_woodproducts
mono_bulk_gravel
mono_bulk_scrap_metal
mono_bulk_fruit_veg
mono_bulk_sugar_beet
mono_mono_bulk_rubber
mono_bulk_fiber
bulk_limestone
mono_bulk_sugar
mono_bulk_candy_floss
mono_bulk_toffee
short_bulk
short_bulk_coal
