#**************************************************************************
# Blender Model List
# 2012-05-22
# Xotic750
# This release may be used under the terms of the license: GPLv2
# http://www.gnu.org/licenses/gpl-2.0.html
#**************************************************************************

# Temperate Trains
ginzua4
ginzua4_tender
dmu
dash
sh25
floss47
sh125
sh30
sh40
uu37
asia_star
tim
# Temperate Wagons
passenger
passenger_asia_star
passenger_tim
passenger_dash
passenger_dmu
mail
mail_asia_star
mail_tim
mail_dash
mail_dmu
armoured
armoured_asia_star
armoured_tim
armoured_dash
armoured_dmu
goods
refrigerated
livestock
tank
# Temperate Wagons: Multi-load
flatbed
flatbed_nocc
flatbed_container
flatbed_sides
flatbed_oil_stage1
flatbed_oil_stage2
flatbed_oil_full
flatbed_refinery_stage1
flatbed_refinery_stage2
flatbed_refinery_full
flatbed_retainers
flatbed_wood_stage1
flatbed_wood_stage2
flatbed_wood_full
flatbed_paper_stage1
flatbed_paper_stage2
flatbed_paper_full
flatbed_steel_stage1
flatbed_steel_stage2
flatbed_steel_full
flatbed_steel2_stage1
flatbed_steel2_stage2
flatbed_steel2_full
flatbed_timber_stage1
flatbed_timber_stage2
flatbed_timber_full
flatbed_vehicles_full
flatbed_vehicles_stage1
flatbed_vehicles2_full
flatbed_vehicles2_stage1
flatbed_vehicles3_full
bulk
bulk_coal
bulk_iron_ore
bulk_grain
bulk_bauxite
bulk_clay
bulk_copper_ore
bulk_sand
bulk_woodproducts
bulk_gravel
bulk_scrap_metal
bulk_fruit_veg
